Godot Engine v4.6.3.stable.official.7d41c59c4 - https://godotengine.org

[   0% ] [90m[1mfirst_scan_filesystem[22m | Started Project initialization (5 steps)[39m[0m
[   0% ] [90m[1mfirst_scan_filesystem[22m | Scanning file structure...[39m[0m
[  16% ] [90m[1mfirst_scan_filesystem[22m | Loading global class names...[39m[0m
[  33% ] [90m[1mfirst_scan_filesystem[22m | Verifying GDExtensions...[39m[0m
[  50% ] [90m[1mfirst_scan_filesystem[22m | Creating autoload scripts...[39m[0m
SCRIPT ERROR: Parse Error: Could not find type "_CaptionManager" in the current scope.
          at: GDScript::reload (res://ui/framework/mwt_caption_matrix.gd:48)
SCRIPT ERROR: Compile Error: Failed to compile depended scripts.
          at: GDScript::reload (res://scripts/autoload/burden_manager.gd:0)
ERROR: Failed to load script "res://scripts/autoload/burden_manager.gd" with error "Parse error".
   at: load (modules/gdscript/gdscript.cpp:2907)
[  66% ] [90m[1mfirst_scan_filesystem[22m | Initializing plugins...[39m[0m
[  83% ] [90m[1mfirst_scan_filesystem[22m | Starting file scan...[39m[0m
[92m[ DONE ][39m [1mfirst_scan_filesystem[22m
[0m
[   0% ] [90m[1mupdate_scripts_classes[22m | Started Registering global classes... (43 steps)[39m[0m
[   0% ] [90m[1mupdate_scripts_classes[22m | _AudioMiddleware[39m[0m
[   2% ] [90m[1mupdate_scripts_classes[22m | _BurdenCaptionDriver[39m[0m
[   4% ] [90m[1mupdate_scripts_classes[22m | _BurdenEventCoordinator[39m[0m
[   6% ] [90m[1mupdate_scripts_classes[22m | _BurdenManager[39m[0m
[   9% ] [90m[1mupdate_scripts_classes[22m | _GridSystem[39m[0m
[  11% ] [90m[1mupdate_scripts_classes[22m | _InputRouter[39m[0m
[  13% ] [90m[1mupdate_scripts_classes[22m | _LayerManager[39m[0m
[  15% ] [90m[1mupdate_scripts_classes[22m | _SafeZoneManager[39m[0m
[  18% ] [90m[1mupdate_scripts_classes[22m | _ToastManager[39m[0m
[  20% ] [90m[1mupdate_scripts_classes[22m | AStarGrid[39m[0m
[  22% ] [90m[1mupdate_scripts_classes[22m | ElementalInteractionResolver[39m[0m
[  25% ] [90m[1mupdate_scripts_classes[22m | ElementalTypes[39m[0m
[  27% ] [90m[1mupdate_scripts_classes[22m | _StemPlayback[39m[0m
[  29% ] [90m[1mupdate_scripts_classes[22m | ApparitionRenderer[39m[0m
[  31% ] [90m[1mupdate_scripts_classes[22m | Entity[39m[0m
[  34% ] [90m[1mupdate_scripts_classes[22m | _EntityLifecycle[39m[0m
[  36% ] [90m[1mupdate_scripts_classes[22m | ApparitionStateMachine[39m[0m
[  38% ] [90m[1mupdate_scripts_classes[22m | [39m[0m
[  40% ] [90m[1mupdate_scripts_classes[22m | [39m[0m
[  43% ] [90m[1mupdate_scripts_classes[22m | [39m[0m
[  45% ] [90m[1mupdate_scripts_classes[22m | [39m[0m
[  47% ] [90m[1mupdate_scripts_classes[22m | [39m[0m
[  50% ] [90m[1mupdate_scripts_classes[22m | [39m[0m
[  52% ] [90m[1mupdate_scripts_classes[22m | [39m[0m
[  54% ] [90m[1mupdate_scripts_classes[22m | [39m[0m
[  56% ] [90m[1mupdate_scripts_classes[22m | _Modal[39m[0m
[  59% ] [90m[1mupdate_scripts_classes[22m | [39m[0m
[  61% ] [90m[1mupdate_scripts_classes[22m | [39m[0m
[  63% ] [90m[1mupdate_scripts_classes[22m | [39m[0m
[  65% ] [90m[1mupdate_scripts_classes[22m | [39m[0m
[  68% ] [90m[1mupdate_scripts_classes[22m | [39m[0m
[  70% ] [90m[1mupdate_scripts_classes[22m | [39m[0m
[  72% ] [90m[1mupdate_scripts_classes[22m | [39m[0m
[  75% ] [90m[1mupdate_scripts_classes[22m | [39m[0m
[  77% ] [90m[1mupdate_scripts_classes[22m | [39m[0m
[  79% ] [90m[1mupdate_scripts_classes[22m | [39m[0m
[  81% ] [90m[1mupdate_scripts_classes[22m | [39m[0m
[  84% ] [90m[1mupdate_scripts_classes[22m | [39m[0m
[  86% ] [90m[1mupdate_scripts_classes[22m | [39m[0m
[  88% ] [90m[1mupdate_scripts_classes[22m | MWTCaptionEntry[39m[0m
[  90% ] [90m[1mupdate_scripts_classes[22m | _MWTCaptionMatrix[39m[0m
[  93% ] [90m[1mupdate_scripts_classes[22m | [39m[0m
[  95% ] [90m[1mupdate_scripts_classes[22m | [39m[0m
[92m[ DONE ][39m [1mupdate_scripts_classes[22m
[0m
[   0% ] [90m[1mreimport[22m | Started (Re)Importing Assets (1 steps)[39m[0m
[   0% ] [90m[1mreimport[22m | Preparing files to reimport...[39m[0m
[   0% ] [90m[1mreimport[22m | Executing pre-reimport operations...[39m[0m
[   0% ] [90m[1mreimport[22m | ui_strings.csv[39m[0m
[  50% ] [90m[1mreimport[22m | Finalizing Asset Import...[39m[0m
[92m[ DONE ][39m [1mreimport[22m
[0m
[   0% ] [90m[1mreimport[22m | Started (Re)Importing Assets (1 steps)[39m[0m
[   0% ] [90m[1mreimport[22m | Executing post-reimport operations...[39m[0m
[92m[ DONE ][39m [1mreimport[22m
[0m
[   0% ] [90m[1mloading_editor_layout[22m | Started Loading editor (5 steps)[39m[0m
[   0% ] [90m[1mloading_editor_layout[22m | Loading editor layout...[39m[0m
[  16% ] [90m[1mloading_editor_layout[22m | Loading docks...[39m[0m
[92m[ DONE ][39m [1mloading_editor_layout[22m
[0m
