Godot Engine v4.6.3.stable.official.7d41c59c4 - https://godotengine.org

[   0% ] [90m[1mfirst_scan_filesystem[22m | Started Project initialization (5 steps)[39m[0m
[   0% ] [90m[1mfirst_scan_filesystem[22m | Scanning file structure...[39m[0m
[  16% ] [90m[1mfirst_scan_filesystem[22m | Loading global class names...[39m[0m
[  33% ] [90m[1mfirst_scan_filesystem[22m | Verifying GDExtensions...[39m[0m
[  50% ] [90m[1mfirst_scan_filesystem[22m | Creating autoload scripts...[39m[0m
[  66% ] [90m[1mfirst_scan_filesystem[22m | Initializing plugins...[39m[0m
[  83% ] [90m[1mfirst_scan_filesystem[22m | Starting file scan...[39m[0m
[92m[ DONE ][39m [1mfirst_scan_filesystem[22m
[0m
[   0% ] [90m[1mupdate_scripts_classes[22m | Started Registering global classes... (58 steps)[39m[0m
[   0% ] [90m[1mupdate_scripts_classes[22m | _AudioMiddleware[39m[0m
[   1% ] [90m[1mupdate_scripts_classes[22m | _BurdenCaptionDriver[39m[0m
[   3% ] [90m[1mupdate_scripts_classes[22m | _BurdenEventCoordinator[39m[0m
[   5% ] [90m[1mupdate_scripts_classes[22m | _BurdenManager[39m[0m
[   6% ] [90m[1mupdate_scripts_classes[22m | _CaptionManager[39m[0m
[   8% ] [90m[1mupdate_scripts_classes[22m | _ConfigLoader[39m[0m
[  10% ] [90m[1mupdate_scripts_classes[22m | _GridSystem[39m[0m
[  11% ] [90m[1mupdate_scripts_classes[22m | _InputRouter[39m[0m
[  13% ] [90m[1mupdate_scripts_classes[22m | _LayerManager[39m[0m
[  15% ] [90m[1mupdate_scripts_classes[22m | _SafeZoneManager[39m[0m
[  16% ] [90m[1mupdate_scripts_classes[22m | _ToastManager[39m[0m
[  18% ] [90m[1mupdate_scripts_classes[22m | APEconomy[39m[0m
[  20% ] [90m[1mupdate_scripts_classes[22m | AStarGrid[39m[0m
[  22% ] [90m[1mupdate_scripts_classes[22m | CombatFormula[39m[0m
[  23% ] [90m[1mupdate_scripts_classes[22m | DeterministicMath[39m[0m
[  25% ] [90m[1mupdate_scripts_classes[22m | ElementalInteractionResolver[39m[0m
[  27% ] [90m[1mupdate_scripts_classes[22m | ElementalTypes[39m[0m
[  28% ] [90m[1mupdate_scripts_classes[22m | SeedGovernance[39m[0m
[  30% ] [90m[1mupdate_scripts_classes[22m | _StemPlayback[39m[0m
[  32% ] [90m[1mupdate_scripts_classes[22m | TacTileData[39m[0m
[  33% ] [90m[1mupdate_scripts_classes[22m | ApparitionRenderer[39m[0m
[  35% ] [90m[1mupdate_scripts_classes[22m | Entity[39m[0m
[  37% ] [90m[1mupdate_scripts_classes[22m | _EntityLifecycle[39m[0m
[  38% ] [90m[1mupdate_scripts_classes[22m | Keeper[39m[0m
[  40% ] [90m[1mupdate_scripts_classes[22m | ApparitionStateMachine[39m[0m
[  42% ] [90m[1mupdate_scripts_classes[22m | BaseStateMachine[39m[0m
[  44% ] [90m[1mupdate_scripts_classes[22m | [39m[0m
[  45% ] [90m[1mupdate_scripts_classes[22m | [39m[0m
[  47% ] [90m[1mupdate_scripts_classes[22m | [39m[0m
[  49% ] [90m[1mupdate_scripts_classes[22m | [39m[0m
[  50% ] [90m[1mupdate_scripts_classes[22m | [39m[0m
[  52% ] [90m[1mupdate_scripts_classes[22m | [39m[0m
[  54% ] [90m[1mupdate_scripts_classes[22m | [39m[0m
[  55% ] [90m[1mupdate_scripts_classes[22m | [39m[0m
[  57% ] [90m[1mupdate_scripts_classes[22m | _Modal[39m[0m
[  59% ] [90m[1mupdate_scripts_classes[22m | [39m[0m
[  61% ] [90m[1mupdate_scripts_classes[22m | [39m[0m
[  62% ] [90m[1mupdate_scripts_classes[22m | [39m[0m
[  64% ] [90m[1mupdate_scripts_classes[22m | [39m[0m
[  66% ] [90m[1mupdate_scripts_classes[22m | [39m[0m
[  67% ] [90m[1mupdate_scripts_classes[22m | [39m[0m
[  69% ] [90m[1mupdate_scripts_classes[22m | [39m[0m
[  71% ] [90m[1mupdate_scripts_classes[22m | [39m[0m
[  72% ] [90m[1mupdate_scripts_classes[22m | [39m[0m
[  74% ] [90m[1mupdate_scripts_classes[22m | [39m[0m
[  76% ] [90m[1mupdate_scripts_classes[22m | TestDeterministicMath[39m[0m
[  77% ] [90m[1mupdate_scripts_classes[22m | [39m[0m
[  79% ] [90m[1mupdate_scripts_classes[22m | [39m[0m
[  81% ] [90m[1mupdate_scripts_classes[22m | [39m[0m
[  83% ] [90m[1mupdate_scripts_classes[22m | TestRunner[39m[0m
[  84% ] [90m[1mupdate_scripts_classes[22m | [39m[0m
[  86% ] [90m[1mupdate_scripts_classes[22m | [39m[0m
[  88% ] [90m[1mupdate_scripts_classes[22m | [39m[0m
[  89% ] [90m[1mupdate_scripts_classes[22m | [39m[0m
[  91% ] [90m[1mupdate_scripts_classes[22m | [39m[0m
[  93% ] [90m[1mupdate_scripts_classes[22m | _MWTCaptionMatrix[39m[0m
[  94% ] [90m[1mupdate_scripts_classes[22m | [39m[0m
[  96% ] [90m[1mupdate_scripts_classes[22m | [39m[0m
[92m[ DONE ][39m [1mupdate_scripts_classes[22m
[0m
[   0% ] [90m[1mloading_editor_layout[22m | Started Loading editor (5 steps)[39m[0m
[   0% ] [90m[1mloading_editor_layout[22m | Loading editor layout...[39m[0m
[  16% ] [90m[1mloading_editor_layout[22m | Loading docks...[39m[0m
[92m[ DONE ][39m [1mloading_editor_layout[22m
[0m
